/file/set-tui-version "25.1"
(cx-gui-do cx-set-list-tree-selections "NavigationPane*Frame2*Table1*List_Tree2" (list "Setup|Boundary Conditions|Inlet|inlet (velocity-inlet, id=7)"))
(cx-gui-do cx-list-tree-right-click "NavigationPane*Frame2*Table1*List_Tree2" )
(cx-gui-do cx-activate-item "MenuBar*PopupMenuTree-inlet (velocity-inlet, id=7)*Edit...")
(cx-gui-do cx-enable-apply-button "Velocity Inlet")
(cx-gui-do cx-set-expression-entry "Velocity Inlet*Frame2*Frame2*Frame1(Momentum)*Table1*Table17*ExpressionEntry1(X-Velocity)" '("13.8854" . 0))
(cx-gui-do cx-set-expression-entry "Velocity Inlet*Frame2*Frame2*Frame1(Momentum)*Table1*Table18*ExpressionEntry1(Y-Velocity)" '("4.5116" . 0))
(cx-gui-do cx-activate-item "Velocity Inlet*PanelButtons*PushButton1(OK)")
(cx-gui-do cx-activate-item "Velocity Inlet*PanelButtons*PushButton2(Cancel)")
(cx-gui-do cx-set-list-tree-selections "NavigationPane*Frame2*Table1*List_Tree2" (list "Solution|Report Definitions|cl"))
(cx-gui-do cx-list-tree-right-click "NavigationPane*Frame2*Table1*List_Tree2" )
(cx-gui-do cx-activate-item "MenuBar*PopupMenuTree-cl*Edit...")
(cx-gui-do cx-set-real-entry-list "Lift Report Definition*Table1*Table1*Table2*Table2(Force Vector)*RealEntry1(X)" '( -0.3090))
(cx-gui-do cx-set-real-entry-list "Lift Report Definition*Table1*Table1*Table2*Table2(Force Vector)*RealEntry2(Y)" '( 0.9511))
(cx-gui-do cx-activate-item "Lift Report Definition*PanelButtons*PushButton1(OK)")
(cx-gui-do cx-set-list-tree-selections "NavigationPane*Frame2*Table1*List_Tree2" (list "Solution|Report Definitions|cd"))
(cx-gui-do cx-list-tree-right-click "NavigationPane*Frame2*Table1*List_Tree2" )
(cx-gui-do cx-activate-item "MenuBar*PopupMenuTree-cd*Edit...")
(cx-gui-do cx-set-real-entry-list "Drag Report Definition*Table1*Table1*Table2*Table2(Force Vector)*RealEntry1(X)" '( 0.9511 ))
(cx-gui-do cx-set-real-entry-list "Drag Report Definition*Table1*Table1*Table2*Table2(Force Vector)*RealEntry2(Y)" '( 0.3090))
(cx-gui-do cx-activate-item "Drag Report Definition*PanelButtons*PushButton1(OK)")
(cx-gui-do cx-set-list-tree-selections "NavigationPane*Frame2*Table1*List_Tree2" (list "Solution|Initialization"))
(cx-gui-do cx-set-list-tree-selections "NavigationPane*Frame2*Table1*List_Tree2" (list "Solution|Initialization"))
(cx-gui-do cx-activate-item "NavigationPane*Frame2*Table1*List_Tree2")
(cx-gui-do cx-set-list-tree-selections "NavigationPane*Frame2*Table1*List_Tree2" (list "Solution|Initialization"))
(cx-gui-do cx-activate-item "Solution Initialization*Table1*Frame12*PushButton2(Initialize)")
(cx-gui-do cx-activate-item "Question*OK")
(cx-gui-do cx-set-list-tree-selections "NavigationPane*Frame2*Table1*List_Tree2" (list "Solution|Run Calculation"))
(cx-gui-do cx-list-tree-right-click "NavigationPane*Frame2*Table1*List_Tree2" )
(cx-gui-do cx-set-list-tree-selections "NavigationPane*Frame2*Table1*List_Tree2" (list "Solution|Run Calculation"))
(cx-gui-do cx-set-list-tree-selections "NavigationPane*Frame2*Table1*List_Tree2" (list "Solution|Run Calculation"))
(cx-gui-do cx-activate-item "NavigationPane*Frame2*Table1*List_Tree2")
(cx-gui-do cx-set-list-tree-selections "NavigationPane*Frame2*Table1*List_Tree2" (list "Solution|Run Calculation"))
(cx-gui-do cx-activate-item "Run Calculation*Table1*Table6(Solution Advancement)*Table1*PushButton3(Calculate)")
(cx-gui-do cx-activate-item "Information*OK")
(cx-gui-do cx-activate-item "MenuBar*WriteSubMenu*Stop Journal")
